################################################################################
################################################################################
############################################.................###################
############################################..M.M.M.M.M.M....###################
####################....#............#######.................###################
####################....#..........B.#######....M.M.M.M......###################
####################....#............#######.................###################
####################....#............##############VVV##########################
####################....R............#########.............#####################
####################....#............#########.............#####################
####################....#............#########.............#####################
####################....######################.............#######....##########
####################....#.........############.............d..........##########
####################....#......P..############.............#######....##########
####################....#.........############.............#######....##########
####################....d.........#################GGG############....##########
####################....#.........######.........................#....##########
####################....#.........######.........................#....##########
####################....#.........######.........................#....##########
####################....################.........................#....##########
####################....#.........######.........................#....##########
####################....#.........######.........................#....##########
####################....#..k......######.........................#....##########
####################....d.........######.........................#....##########
####################....#.........######.....###.........###.....#....##########
####################....#.........######.....###.........###.....#....##########
####################....#.........######.........................#....##########
####################....################.........................#....##########
###................#....#.............##.........................d....#.......##
###................#....#.............##.........................d....#.......##
###................#....#.............##.........................#....#.......##
###................#....#.............##..........#...#..........#....#.......##
###................S....d.............d..........................#....#.......##
###................#....#.............d..........................#....d.......##
###................#....#.............##.........................#....#.......##
###................#....#.............##..........#...#..........#....#.......##
###................#....#.............##.........................#....#.......##
###................#....################.........................#....#.......##
###......###########....#.........######.........................#....#.......##
###......###########....#.........######.........................#....##########
###......###########....#.........######.........................#....##########
###......###########....d.........##########...............#####################
###......###########....#.........d........................#####################
###......###########....#.........##########...............#####################
###......###########....#.........##########...............#####################
###......###################################...............#####################
###......###################################...............#####################
###......#########################################FFF###########################
###......###..................................................bb...............#
###......###....................................N...ZZZZZZZZZZbb...............#
###......###........................................ZZZZZZZZZZbb...............#
###......###........................................ZZZZZZZZZZbb..........v....#
###......###........................................ZZZZZZZZZZbb...............#
###..@...###........................................ZZZZZZZZZZbb...............#
###......###..................................................bb...............#
################################################################################
